Archive member included to satisfy reference by file (symbol)

C:/ST/STM32CubeCLT_1.16.0/GNU-tools-for-STM32/bin/../lib/gcc/arm-none-eabi/12.3.1/../../../../arm-none-eabi/lib/thumb/v7e-m+fp/hard\libc_nano.a(libc_a-exit.o)
                              C:/ST/STM32CubeCLT_1.16.0/GNU-tools-for-STM32/bin/../lib/gcc/arm-none-eabi/12.3.1/../../../../arm-none-eabi/lib/thumb/v7e-m+fp/hard/crt0.o (exit)
C:/ST/STM32CubeCLT_1.16.0/GNU-tools-for-STM32/bin/../lib/gcc/arm-none-eabi/12.3.1/../../../../arm-none-eabi/lib/thumb/v7e-m+fp/hard\libc_nano.a(libc_a-findfp.o)
                              C:/ST/STM32CubeCLT_1.16.0/GNU-tools-for-STM32/bin/../lib/gcc/arm-none-eabi/12.3.1/../../../../arm-none-eabi/lib/thumb/v7e-m+fp/hard\libc_nano.a(libc_a-exit.o) (__stdio_exit_handler)
C:/ST/STM32CubeCLT_1.16.0/GNU-tools-for-STM32/bin/../lib/gcc/arm-none-eabi/12.3.1/../../../../arm-none-eabi/lib/thumb/v7e-m+fp/hard\libc_nano.a(libc_a-fwalk.o)
                              C:/ST/STM32CubeCLT_1.16.0/GNU-tools-for-STM32/bin/../lib/gcc/arm-none-eabi/12.3.1/../../../../arm-none-eabi/lib/thumb/v7e-m+fp/hard\libc_nano.a(libc_a-findfp.o) (_fwalk_sglue)
C:/ST/STM32CubeCLT_1.16.0/GNU-tools-for-STM32/bin/../lib/gcc/arm-none-eabi/12.3.1/../../../../arm-none-eabi/lib/thumb/v7e-m+fp/hard\libc_nano.a(libc_a-stdio.o)
                              C:/ST/STM32CubeCLT_1.16.0/GNU-tools-for-STM32/bin/../lib/gcc/arm-none-eabi/12.3.1/../../../../arm-none-eabi/lib/thumb/v7e-m+fp/hard\libc_nano.a(libc_a-findfp.o) (__sread)
C:/ST/STM32CubeCLT_1.16.0/GNU-tools-for-STM32/bin/../lib/gcc/arm-none-eabi/12.3.1/../../../../arm-none-eabi/lib/thumb/v7e-m+fp/hard\libc_nano.a(libc_a-memset.o)
                              C:/ST/STM32CubeCLT_1.16.0/GNU-tools-for-STM32/bin/../lib/gcc/arm-none-eabi/12.3.1/../../../../arm-none-eabi/lib/thumb/v7e-m+fp/hard/crt0.o (memset)
C:/ST/STM32CubeCLT_1.16.0/GNU-tools-for-STM32/bin/../lib/gcc/arm-none-eabi/12.3.1/../../../../arm-none-eabi/lib/thumb/v7e-m+fp/hard\libc_nano.a(libc_a-closer.o)
                              C:/ST/STM32CubeCLT_1.16.0/GNU-tools-for-STM32/bin/../lib/gcc/arm-none-eabi/12.3.1/../../../../arm-none-eabi/lib/thumb/v7e-m+fp/hard\libc_nano.a(libc_a-stdio.o) (_close_r)
C:/ST/STM32CubeCLT_1.16.0/GNU-tools-for-STM32/bin/../lib/gcc/arm-none-eabi/12.3.1/../../../../arm-none-eabi/lib/thumb/v7e-m+fp/hard\libc_nano.a(libc_a-reent.o)
                              C:/ST/STM32CubeCLT_1.16.0/GNU-tools-for-STM32/bin/../lib/gcc/arm-none-eabi/12.3.1/../../../../arm-none-eabi/lib/thumb/v7e-m+fp/hard\libc_nano.a(libc_a-closer.o) (errno)
C:/ST/STM32CubeCLT_1.16.0/GNU-tools-for-STM32/bin/../lib/gcc/arm-none-eabi/12.3.1/../../../../arm-none-eabi/lib/thumb/v7e-m+fp/hard\libc_nano.a(libc_a-impure.o)
                              C:/ST/STM32CubeCLT_1.16.0/GNU-tools-for-STM32/bin/../lib/gcc/arm-none-eabi/12.3.1/../../../../arm-none-eabi/lib/thumb/v7e-m+fp/hard\libc_nano.a(libc_a-reent.o) (_impure_ptr)
C:/ST/STM32CubeCLT_1.16.0/GNU-tools-for-STM32/bin/../lib/gcc/arm-none-eabi/12.3.1/../../../../arm-none-eabi/lib/thumb/v7e-m+fp/hard\libc_nano.a(libc_a-lseekr.o)
                              C:/ST/STM32CubeCLT_1.16.0/GNU-tools-for-STM32/bin/../lib/gcc/arm-none-eabi/12.3.1/../../../../arm-none-eabi/lib/thumb/v7e-m+fp/hard\libc_nano.a(libc_a-stdio.o) (_lseek_r)
C:/ST/STM32CubeCLT_1.16.0/GNU-tools-for-STM32/bin/../lib/gcc/arm-none-eabi/12.3.1/../../../../arm-none-eabi/lib/thumb/v7e-m+fp/hard\libc_nano.a(libc_a-readr.o)
                              C:/ST/STM32CubeCLT_1.16.0/GNU-tools-for-STM32/bin/../lib/gcc/arm-none-eabi/12.3.1/../../../../arm-none-eabi/lib/thumb/v7e-m+fp/hard\libc_nano.a(libc_a-stdio.o) (_read_r)
C:/ST/STM32CubeCLT_1.16.0/GNU-tools-for-STM32/bin/../lib/gcc/arm-none-eabi/12.3.1/../../../../arm-none-eabi/lib/thumb/v7e-m+fp/hard\libc_nano.a(libc_a-writer.o)
                              C:/ST/STM32CubeCLT_1.16.0/GNU-tools-for-STM32/bin/../lib/gcc/arm-none-eabi/12.3.1/../../../../arm-none-eabi/lib/thumb/v7e-m+fp/hard\libc_nano.a(libc_a-stdio.o) (_write_r)
C:/ST/STM32CubeCLT_1.16.0/GNU-tools-for-STM32/bin/../lib/gcc/arm-none-eabi/12.3.1/../../../../arm-none-eabi/lib/thumb/v7e-m+fp/hard\libc_nano.a(libc_a-init.o)
                              C:/ST/STM32CubeCLT_1.16.0/GNU-tools-for-STM32/bin/../lib/gcc/arm-none-eabi/12.3.1/../../../../arm-none-eabi/lib/thumb/v7e-m+fp/hard/crt0.o (__libc_init_array)
C:/ST/STM32CubeCLT_1.16.0/GNU-tools-for-STM32/bin/../lib/gcc/arm-none-eabi/12.3.1/../../../../arm-none-eabi/lib/thumb/v7e-m+fp/hard\libc_nano.a(libc_a-lock.o)
                              C:/ST/STM32CubeCLT_1.16.0/GNU-tools-for-STM32/bin/../lib/gcc/arm-none-eabi/12.3.1/../../../../arm-none-eabi/lib/thumb/v7e-m+fp/hard\libc_nano.a(libc_a-findfp.o) (__retarget_lock_init_recursive)
C:/ST/STM32CubeCLT_1.16.0/GNU-tools-for-STM32/bin/../lib/gcc/arm-none-eabi/12.3.1/../../../../arm-none-eabi/lib/thumb/v7e-m+fp/hard\libc_nano.a(libc_a-freer.o)
[...]
Memory Configuration

Name             Origin             Length             Attributes
RAM              0x20000000         0x00018000         xrw
RAM2             0x10000000         0x00008000         xrw
FLASH            0x08000000         0x00100000         xr
*default*        0x00000000         0xffffffff

Linker script and memory map

LOAD C:/ST/STM32CubeCLT_1.16.0/GNU-tools-for-STM32/bin/../lib/gcc/arm-none-eabi/12.3.1/thumb/v7e-m+fp/hard/crti.o
LOAD C:/ST/STM32CubeCLT_1.16.0/GNU-tools-for-STM32/bin/../lib/gcc/arm-none-eabi/12.3.1/thumb/v7e-m+fp/hard/crtbegin.o
LOAD C:/ST/STM32CubeCLT_1.16.0/GNU-tools-for-STM32/bin/../lib/gcc/arm-none-eabi/12.3.1/../../../../arm-none-eabi/lib/thumb/v7e-m+fp/hard/crt0.o
START GROUP
LOAD C:/ST/STM32CubeCLT_1.16.0/GNU-tools-for-STM32/bin/../lib/gcc/arm-none-eabi/12.3.1/../../../../arm-none-eabi/lib/thumb/v7e-m+fp/hard\libc_nano.a
LOAD C:/ST/STM32CubeCLT_1.16.0/GNU-tools-for-STM32/bin/../lib/gcc/arm-none-eabi/12.3.1/../../../../arm-none-eabi/lib/thumb/v7e-m+fp/hard\libm.a
END GROUP
LOAD CMakeFiles/Control-de-Acceso-V2.dir/Core/Src/main.c.obj
LOAD CMakeFiles/Control-de-Acceso-V2.dir/Core/Src/stm32l4xx_it.c.obj
LOAD CMakeFiles/Control-de-Acceso-V2.dir/Core/Src/stm32l4xx_hal_msp.c.obj
LOAD CMakeFiles/Control-de-Acceso-V2.dir/Drivers/STM32L4xx_HAL_Driver/Src/stm32l4xx_hal_uart.c.obj
LOAD CMakeFiles/Control-de-Acceso-V2.dir/Drivers/STM32L4xx_HAL_Driver/Src/stm32l4xx_hal_uart_ex.c.obj
LOAD CMakeFiles/Control-de-Acceso-V2.dir/Drivers/STM32L4xx_HAL_Driver/Src/stm32l4xx_hal.c.obj
LOAD CMakeFiles/Control-de-Acceso-V2.dir/Drivers/STM32L4xx_HAL_Driver/Src/stm32l4xx_hal_rcc.c.obj
LOAD CMakeFiles/Control-de-Acceso-V2.dir/Drivers/STM32L4xx_HAL_Driver/Src/stm32l4xx_hal_rcc_ex.c.obj
LOAD CMakeFiles/Control-de-Acceso-V2.dir/Drivers/STM32L4xx_HAL_Driver/Src/stm32l4xx_hal_flash.c.obj
LOAD CMakeFiles/Control-de-Acceso-V2.dir/Drivers/STM32L4xx_HAL_Driver/Src/stm32l4xx_hal_flash_ex.c.obj
LOAD CMakeFiles/Control-de-Acceso-V2.dir/Drivers/STM32L4xx_HAL_Driver/Src/stm32l4xx_hal_flash_ramfunc.c.obj
LOAD CMakeFiles/Control-de-Acceso-V2.dir/Drivers/STM32L4xx_HAL_Driver/Src/stm32l4xx_hal_gpio.c.obj
LOAD CMakeFiles/Control-de-Acceso-V2.dir/Drivers/STM32L4xx_HAL_Driver/Src/stm32l4xx_hal_i2c.c.obj
LOAD CMakeFiles/Control-de-Acceso-V2.dir/Drivers/STM32L4xx_HAL_Driver/Src/stm32l4xx_hal_i2c_ex.c.obj
LOAD CMakeFiles/Control-de-Acceso-V2.dir/Drivers/STM32L4xx_HAL_Driver/Src/stm32l4xx_hal_dma.c.obj
LOAD CMakeFiles/Control-de-Acceso-V2.dir/Drivers/STM32L4xx_HAL_Driver/Src/stm32l4xx_hal_dma_ex.c.obj
LOAD CMakeFiles/Control-de-Acceso-V2.dir/Drivers/STM32L4xx_HAL_Driver/Src/stm32l4xx_hal_pwr.c.obj
LOAD CMakeFiles/Control-de-Acceso-V2.dir/Drivers/STM32L4xx_HAL_Driver/Src/stm32l4xx_hal_pwr_ex.c.obj
LOAD CMakeFiles/Control-de-Acceso-V2.dir/Drivers/STM32L4xx_HAL_Driver/Src/stm32l4xx_hal_cortex.c.obj
LOAD CMakeFiles/Control-de-Acceso-V2.dir/Drivers/STM32L4xx_HAL_Driver/Src/stm32l4xx_hal_exti.c.obj
LOAD CMakeFiles/Control-de-Acceso-V2.dir/Core/Src/system_stm32l4xx.c.obj
LOAD CMakeFiles/Control-de-Acceso-V2.dir/Core/Src/sysmem.c.obj
LOAD CMakeFiles/Control-de-Acceso-V2.dir/Core/Src/syscalls.c.obj
LOAD CMakeFiles/Control-de-Acceso-V2.dir/startup_stm32l476xx.s.obj
START GROUP
LOAD C:/ST/STM32CubeCLT_1.16.0/GNU-tools-for-STM32/bin/../lib/gcc/arm-none-eabi/12.3.1/thumb/v7e-m+fp/hard\libgcc.a
LOAD C:/ST/STM32CubeCLT_1.16.0/GNU-tools-for-STM32/bin/../lib/gcc/arm-none-eabi/12.3.1/../../../../arm-none-eabi/lib/thumb/v7e-m+fp/hard\libg_nano.a
LOAD C:/ST/STM32CubeCLT_1.16.0/GNU-tools-for-STM32/bin/../lib/gcc/arm-none-eabi/12.3.1/../../../../arm-none-eabi/lib/thumb/v7e-m+fp/hard\libc_nano.a
END GROUP
START GROUP
LOAD C:/ST/STM32CubeCLT_1.16.0/GNU-tools-for-STM32/bin/../lib/gcc/arm-none-eabi/12.3.1/thumb/v7e-m+fp/hard\libgcc.a
LOAD C:/ST/STM32CubeCLT_1.16.0/GNU-tools-for-STM32/bin/../lib/gcc/arm-none-eabi/12.3.1/../../../../arm-none-eabi/lib/thumb/v7e-m+fp/hard\libc_nano.a
END GROUP
LOAD C:/ST/STM32CubeCLT_1.16.0/GNU-tools-for-STM32/bin/../lib/gcc/arm-none-eabi/12.3.1/thumb/v7e-m+fp/hard/crtend.o
LOAD C:/ST/STM32CubeCLT_1.16.0/GNU-tools-for-STM32/bin/../lib/gcc/arm-none-eabi/12.3.1/thumb/v7e-m+fp/hard/crtn.o
                0x20018000                        _estack = (ORIGIN (RAM) + LENGTH (RAM))
                0x00000200                        _Min_Heap_Size = 0x200
                0x00000400                        _Min_Stack_Size = 0x400

.isr_vector     0x08000000      0x188
                0x08000000                        . = ALIGN (0x8)
 *(.isr_vector)
 .isr_vector    0x08000000      0x188 CMakeFiles/Control-de-Acceso-V2.dir/startup_stm32l476xx.s.obj
                0x08000000                g_pfnVectors
                0x08000188                        . = ALIGN (0x8)

.text           0x08000188     0x3e70
                0x08000188                        . = ALIGN (0x8)
 *(.text)
 .text          0x08000188       0x40 C:/ST/STM32CubeCLT_1.16.0/GNU-tools-for-STM32/bin/../lib/gcc/arm-none-eabi/12.3.1/thumb/v7e-m+fp/hard/crtbegin.o
 .text          0x080001c8       0x30 C:/ST/STM32CubeCLT_1.16.0/GNU-tools-for-STM32/bin/../lib/gcc/arm-none-eabi/12.3.1/thumb/v7e-m+fp/hard\libgcc.a(_aeabi_uldivmod.o)
                0x080001c8                __aeabi_uldivmod
 .text          0x080001f8      0x2bc C:/ST/STM32CubeCLT_1.16.0/GNU-tools-for-STM32/bin/../lib/gcc/arm-none-eabi/12.3.1/thumb/v7e-m+fp/hard\libgcc.a(_udivmoddi4.o)
                0x080001f8                __udivmoddi4
 .text          0x080004b4        0x4 C:/ST/STM32CubeCLT_1.16.0/GNU-tools-for-STM32/bin/../lib/gcc/arm-none-eabi/12.3.1/thumb/v7e-m+fp/hard\libgcc.a(_dvmd_tls.o)
                0x080004b4                __aeabi_idiv0
                0x080004b4                __aeabi_ldiv0
 *(.text*)
 .text.memset   0x080004b8       0x10 C:/ST/STM32CubeCLT_1.16.0/GNU-tools-for-STM32/bin/../lib/gcc/arm-none-eabi/12.3.1/../../../../arm-none-eabi/lib/thumb/v7e-m+fp/hard\libc_nano.a(libc_a-memset.o)
                0x080004b8                memset
 .text.__libc_init_array
                0x080004c8       0x48 C:/ST/STM32CubeCLT_1.16.0/GNU-tools-for-STM32/bin/../lib/gcc/arm-none-eabi/12.3.1/../../../../arm-none-eabi/lib/thumb/v7e-m+fp/hard\libc_nano.a(libc_a-init.o)
                0x080004c8                __libc_init_array
 .text.HAL_UART_RxCpltCallback
                0x08000510       0x30 CMakeFiles/Control-de-Acceso-V2.dir/Core/Src/main.c.obj
                0x08000510                HAL_UART_RxCpltCallback
 .text.HAL_GPIO_EXTI_Callback
                0x08000540       0x2c CMakeFiles/Control-de-Acceso-V2.dir/Core/Src/main.c.obj
                0x08000540                HAL_GPIO_EXTI_Callback
 .text.main     0x0800056c       0x98 CMakeFiles/Control-de-Acceso-V2.dir/Core/Src/main.c.obj
                0x0800056c                main
 .text.SystemClock_Config
                0x08000604       0xa2 CMakeFiles/Control-de-Acceso-V2.dir/Core/Src/main.c.obj
                0x08000604                SystemClock_Config
 *fill*         0x080006a6        0x2 
 .text.MX_USART2_UART_Init
                0x080006a8       0x60 CMakeFiles/Control-de-Acceso-V2.dir/Core/Src/main.c.obj
 .text.MX_GPIO_Init
                0x08000708       0xdc CMakeFiles/Control-de-Acceso-V2.dir/Core/Src/main.c.obj
 .text.Error_Handler
                0x080007e4        0xc CMakeFiles/Control-de-Acceso-V2.dir/Core/Src/main.c.obj
                0x080007e4                Error_Handler
 .text.NMI_Handler
                0x080007f0        0x8 CMakeFiles/Control-de-Acceso-V2.dir/Core/Src/stm32l4xx_it.c.obj
                0x080007f0                NMI_Handler
 .text.HardFault_Handler
                0x080007f8        0x8 CMakeFiles/Control-de-Acceso-V2.dir/Core/Src/stm32l4xx_it.c.obj
                0x080007f8                HardFault_Handler
 .text.MemManage_Handler
                0x08000800        0x8 CMakeFiles/Control-de-Acceso-V2.dir/Core/Src/stm32l4xx_it.c.obj
                0x08000800                MemManage_Handler
 .text.BusFault_Handler
                0x08000808        0x8 CMakeFiles/Control-de-Acceso-V2.dir/Core/Src/stm32l4xx_it.c.obj
                0x08000808                BusFault_Handler
 .text.UsageFault_Handler
                0x08000810        0x8 CMakeFiles/Control-de-Acceso-V2.dir/Core/Src/stm32l4xx_it.c.obj
                0x08000810                UsageFault_Handler
 .text.SVC_Handler
                0x08000818        0xe CMakeFiles/Control-de-Acceso-V2.dir/Core/Src/stm32l4xx_it.c.obj
                0x08000818                SVC_Handler
 .text.DebugMon_Handler
                0x08000826        0xe CMakeFiles/Control-de-Acceso-V2.dir/Core/Src/stm32l4xx_it.c.obj
                0x08000826                DebugMon_Handler
 .text.PendSV_Handler
                0x08000834        0xe CMakeFiles/Control-de-Acceso-V2.dir/Core/Src/stm32l4xx_it.c.obj
                0x08000834                PendSV_Handler
 .text.SysTick_Handler
                0x08000842        0xc CMakeFiles/Control-de-Acceso-V2.dir/Core/Src/stm32l4xx_it.c.obj
                0x08000842                SysTick_Handler
 *fill*         0x0800084e        0x2 
 .text.USART2_IRQHandler
                0x08000850       0x14 CMakeFiles/Control-de-Acceso-V2.dir/Core/Src/stm32l4xx_it.c.obj
                0x08000850                USART2_IRQHandler
 .text.EXTI15_10_IRQHandler
                0x08000864       0x10 CMakeFiles/Control-de-Acceso-V2.dir/Core/Src/stm32l4xx_it.c.obj
                0x08000864                EXTI15_10_IRQHandler
 .text.HAL_MspInit
                0x08000874       0x48 CMakeFiles/Control-de-Acceso-V2.dir/Core/Src/stm32l4xx_hal_msp.c.obj
                0x08000874                HAL_MspInit
 .text.HAL_UART_MspInit
                0x080008bc       0xc8 CMakeFiles/Control-de-Acceso-V2.dir/Core/Src/stm32l4xx_hal_msp.c.obj
                0x080008bc                HAL_UART_MspInit
 .text.HAL_UART_Init
                0x08000984       0x9c CMakeFiles/Control-de-Acceso-V2.dir/Drivers/STM32L4xx_HAL_Driver/Src/stm32l4xx_hal_uart.c.obj
                0x08000984                HAL_UART_Init
 .text.HAL_UART_Transmit
                0x08000a20      0x112 CMakeFiles/Control-de-Acceso-V2.dir/Drivers/STM32L4xx_HAL_Driver/Src/stm32l4xx_hal_uart.c.obj
                0x08000a20                HAL_UART_Transmit
 *fill*         0x08000b32        0x2 
 .text.HAL_UART_Receive_IT
                0x08000b34       0x98 CMakeFiles/Control-de-Acceso-V2.dir/Drivers/STM32L4xx_HAL_Driver/Src/stm32l4xx_hal_uart.c.obj
                0x08000b34                HAL_UART_Receive_IT
 .text.HAL_UART_IRQHandler
                0x08000bcc      0x60c CMakeFiles/Control-de-Acceso-V2.dir/Drivers/STM32L4xx_HAL_Driver/Src/stm32l4xx_hal_uart.c.obj
                0x08000bcc                HAL_UART_IRQHandler
 .text.HAL_UART_TxCpltCallback
                0x080011d8       0x14 CMakeFiles/Control-de-Acceso-V2.dir/Drivers/STM32L4xx_HAL_Driver/Src/stm32l4xx_hal_uart.c.obj
                0x080011d8                HAL_UART_TxCpltCallback
 .text.HAL_UART_ErrorCallback
                0x080011ec       0x14 CMakeFiles/Control-de-Acceso-V2.dir/Drivers/STM32L4xx_HAL_Driver/Src/stm32l4xx_hal_uart.c.obj
                0x080011ec                HAL_UART_ErrorCallback
 .text.HAL_UARTEx_RxEventCallback
                0x08001200       0x18 CMakeFiles/Control-de-Acceso-V2.dir/Drivers/STM32L4xx_HAL_Driver/Src/stm32l4xx_hal_uart.c.obj
                0x08001200                HAL_UARTEx_RxEventCallback
 .text.UART_SetConfig
                0x08001218      0x570 CMakeFiles/Control-de-Acceso-V2.dir/Drivers/STM32L4xx_HAL_Driver/Src/stm32l4xx_hal_uart.c.obj
                0x08001218                UART_SetConfig
 .text.UART_AdvFeatureConfig
                0x08001788      0x144 CMakeFiles/Control-de-Acceso-V2.dir/Drivers/STM32L4xx_HAL_Driver/Src/stm32l4xx_hal_uart.c.obj
                0x08001788                UART_AdvFeatureConfig
 .text.UART_CheckIdleState
                0x080018cc      0x150 CMakeFiles/Control-de-Acceso-V2.dir/Drivers/STM32L4xx_HAL_Driver/Src/stm32l4xx_hal_uart.c.obj
                0x080018cc                UART_CheckIdleState
 .text.UART_WaitOnFlagUntilTimeout
                0x08001a1c       0xda CMakeFiles/Control-de-Acceso-V2.dir/Drivers/STM32L4xx_HAL_Driver/Src/stm32l4xx_hal_uart.c.obj
                0x08001a1c                UART_WaitOnFlagUntilTimeout
 *fill*         0x08001af6        0x2 
 .text.UART_Start_Receive_IT
                0x08001af8      0x18c CMakeFiles/Control-de-Acceso-V2.dir/Drivers/STM32L4xx_HAL_Driver/Src/stm32l4xx_hal_uart.c.obj
                0x08001af8                UART_Start_Receive_IT
 .text.UART_EndRxTransfer
                0x08001c84       0xc8 CMakeFiles/Control-de-Acceso-V2.dir/Drivers/STM32L4xx_HAL_Driver/Src/stm32l4xx_hal_uart.c.obj
 .text.UART_DMAAbortOnError
                0x08001d4c       0x2c CMakeFiles/Control-de-Acceso-V2.dir/Drivers/STM32L4xx_HAL_Driver/Src/stm32l4xx_hal_uart.c.obj
 .text.UART_EndTransmit_IT
                0x08001d78       0x54 CMakeFiles/Control-de-Acceso-V2.dir/Drivers/STM32L4xx_HAL_Driver/Src/stm32l4xx_hal_uart.c.obj
 .text.UART_RxISR_8BIT
                0x08001dcc      0x1bc CMakeFiles/Control-de-Acceso-V2.dir/Drivers/STM32L4xx_HAL_Driver/Src/stm32l4xx_hal_uart.c.obj
 .text.UART_RxISR_16BIT
                0x08001f88      0x1bc CMakeFiles/Control-de-Acceso-V2.dir/Drivers/STM32L4xx_HAL_Driver/Src/stm32l4xx_hal_uart.c.obj
 .text.HAL_UARTEx_WakeupCallback
                0x08002144       0x14 CMakeFiles/Control-de-Acceso-V2.dir/Drivers/STM32L4xx_HAL_Driver/Src/stm32l4xx_hal_uart_ex.c.obj
                0x08002144                HAL_UARTEx_WakeupCallback
 .text.HAL_Init
                0x08002158       0x40 CMakeFiles/Control-de-Acceso-V2.dir/Drivers/STM32L4xx_HAL_Driver/Src/stm32l4xx_hal.c.obj
                0x08002158                HAL_Init
 .text.HAL_InitTick
                0x08002198       0x78 CMakeFiles/Control-de-Acceso-V2.dir/Drivers/STM32L4xx_HAL_Driver/Src/stm32l4xx_hal.c.obj
                0x08002198                HAL_InitTick
 .text.HAL_IncTick
                0x08002210       0x28 CMakeFiles/Control-de-Acceso-V2.dir/Drivers/STM32L4xx_HAL_Driver/Src/stm32l4xx_hal.c.obj
                0x08002210                HAL_IncTick
 .text.HAL_GetTick
                0x08002238       0x18 CMakeFiles/Control-de-Acceso-V2.dir/Drivers/STM32L4xx_HAL_Driver/Src/stm32l4xx_hal.c.obj
                0x08002238                HAL_GetTick
 .text.HAL_RCC_OscConfig
                0x08002250      0x7b8 CMakeFiles/Control-de-Acceso-V2.dir/Drivers/STM32L4xx_HAL_Driver/Src/stm32l4xx_hal_rcc.c.obj
                0x08002250                HAL_RCC_OscConfig
 .text.HAL_RCC_ClockConfig
                0x08002a08      0x200 CMakeFiles/Control-de-Acceso-V2.dir/Drivers/STM32L4xx_HAL_Driver/Src/stm32l4xx_hal_rcc.c.obj
                0x08002a08                HAL_RCC_ClockConfig
 .text.HAL_RCC_GetSysClockFreq
                0x08002c08      0x118 CMakeFiles/Control-de-Acceso-V2.dir/Drivers/STM32L4xx_HAL_Driver/Src/stm32l4xx_hal_rcc.c.obj
                0x08002c08                HAL_RCC_GetSysClockFreq
 .text.HAL_RCC_GetHCLKFreq
                0x08002d20       0x18 CMakeFiles/Control-de-Acceso-V2.dir/Drivers/STM32L4xx_HAL_Driver/Src/stm32l4xx_hal_rcc.c.obj
                0x08002d20                HAL_RCC_GetHCLKFreq
 .text.HAL_RCC_GetPCLK1Freq
                0x08002d38       0x2c CMakeFiles/Control-de-Acceso-V2.dir/Drivers/STM32L4xx_HAL_Driver/Src/stm32l4xx_hal_rcc.c.obj
                0x08002d38                HAL_RCC_GetPCLK1Freq
 .text.HAL_RCC_GetPCLK2Freq
                0x08002d64       0x2c CMakeFiles/Control-de-Acceso-V2.dir/Drivers/STM32L4xx_HAL_Driver/Src/stm32l4xx_hal_rcc.c.obj
                0x08002d64                HAL_RCC_GetPCLK2Freq
 .text.RCC_SetFlashLatencyFromMSIRange
                0x08002d90       0xc0 CMakeFiles/Control-de-Acceso-V2.dir/Drivers/STM32L4xx_HAL_Driver/Src/stm32l4xx_hal_rcc.c.obj
 .text.HAL_RCCEx_PeriphCLKConfig
                0x08002e50      0x5d4 CMakeFiles/Control-de-Acceso-V2.dir/Drivers/STM32L4xx_HAL_Driver/Src/stm32l4xx_hal_rcc_ex.c.obj
                0x08002e50                HAL_RCCEx_PeriphCLKConfig
 .text.RCCEx_PLLSAI1_Config
                0x08003424      0x1e8 CMakeFiles/Control-de-Acceso-V2.dir/Drivers/STM32L4xx_HAL_Driver/Src/stm32l4xx_hal_rcc_ex.c.obj
 .text.RCCEx_PLLSAI2_Config
                0x0800360c      0x1bc CMakeFiles/Control-de-Acceso-V2.dir/Drivers/STM32L4xx_HAL_Driver/Src/stm32l4xx_hal_rcc_ex.c.obj
 .text.HAL_GPIO_Init
                0x080037c8      0x354 CMakeFiles/Control-de-Acceso-V2.dir/Drivers/STM32L4xx_HAL_Driver/Src/stm32l4xx_hal_gpio.c.obj
                0x080037c8                HAL_GPIO_Init
 .text.HAL_GPIO_WritePin
                0x08003b1c       0x30 CMakeFiles/Control-de-Acceso-V2.dir/Drivers/STM32L4xx_HAL_Driver/Src/stm32l4xx_hal_gpio.c.obj
                0x08003b1c                HAL_GPIO_WritePin
 .text.HAL_GPIO_EXTI_IRQHandler
                0x08003b4c       0x30 CMakeFiles/Control-de-Acceso-V2.dir/Drivers/STM32L4xx_HAL_Driver/Src/stm32l4xx_hal_gpio.c.obj
                0x08003b4c                HAL_GPIO_EXTI_IRQHandler
 .text.HAL_DMA_Abort
                0x08003b7c       0x7c CMakeFiles/Control-de-Acceso-V2.dir/Drivers/STM32L4xx_HAL_Driver/Src/stm32l4xx_hal_dma.c.obj
                0x08003b7c                HAL_DMA_Abort
 .text.HAL_DMA_Abort_IT
                0x08003bf8       0x82 CMakeFiles/Control-de-Acceso-V2.dir/Drivers/STM32L4xx_HAL_Driver/Src/stm32l4xx_hal_dma.c.obj
                0x08003bf8                HAL_DMA_Abort_IT
 *fill*         0x08003c7a        0x2 
 .text.HAL_PWREx_GetVoltageRange
                0x08003c7c       0x1c CMakeFiles/Control-de-Acceso-V2.dir/Drivers/STM32L4xx_HAL_Driver/Src/stm32l4xx_hal_pwr_ex.c.obj
                0x08003c7c                HAL_PWREx_GetVoltageRange
 .text.HAL_PWREx_ControlVoltageScaling
                0x08003c98       0xac CMakeFiles/Control-de-Acceso-V2.dir/Drivers/STM32L4xx_HAL_Driver/Src/stm32l4xx_hal_pwr_ex.c.obj
                0x08003c98                HAL_PWREx_ControlVoltageScaling
 .text.__NVIC_SetPriorityGrouping
                0x08003d44       0x48 CMakeFiles/Control-de-Acceso-V2.dir/Drivers/STM32L4xx_HAL_Driver/Src/stm32l4xx_hal_cortex.c.obj
 .text.__NVIC_GetPriorityGrouping
                0x08003d8c       0x1c CMakeFiles/Control-de-Acceso-V2.dir/Drivers/STM32L4xx_HAL_Driver/Src/stm32l4xx_hal_cortex.c.obj
 .text.__NVIC_EnableIRQ
                0x08003da8       0x3c CMakeFiles/Control-de-Acceso-V2.dir/Drivers/STM32L4xx_HAL_Driver/Src/stm32l4xx_hal_cortex.c.obj
 .text.__NVIC_SetPriority
                0x08003de4       0x54 CMakeFiles/Control-de-Acceso-V2.dir/Drivers/STM32L4xx_HAL_Driver/Src/stm32l4xx_hal_cortex.c.obj
 .text.NVIC_EncodePriority
                0x08003e38       0x66 CMakeFiles/Control-de-Acceso-V2.dir/Drivers/STM32L4xx_HAL_Driver/Src/stm32l4xx_hal_cortex.c.obj
 *fill*         0x08003e9e        0x2 
 .text.SysTick_Config
                0x08003ea0       0x44 CMakeFiles/Control-de-Acceso-V2.dir/Drivers/STM32L4xx_HAL_Driver/Src/stm32l4xx_hal_cortex.c.obj
 .text.HAL_NVIC_SetPriorityGrouping
                0x08003ee4       0x16 CMakeFiles/Control-de-Acceso-V2.dir/Drivers/STM32L4xx_HAL_Driver/Src/stm32l4xx_hal_cortex.c.obj
                0x08003ee4                HAL_NVIC_SetPriorityGrouping
 .text.HAL_NVIC_SetPriority
                0x08003efa       0x38 CMakeFiles/Control-de-Acceso-V2.dir/Drivers/STM32L4xx_HAL_Driver/Src/stm32l4xx_hal_cortex.c.obj
                0x08003efa                HAL_NVIC_SetPriority
 .text.HAL_NVIC_EnableIRQ
                0x08003f32       0x1c CMakeFiles/Control-de-Acceso-V2.dir/Drivers/STM32L4xx_HAL_Driver/Src/stm32l4xx_hal_cortex.c.obj
                0x08003f32                HAL_NVIC_EnableIRQ
 .text.HAL_SYSTICK_Config
                0x08003f4e       0x18 CMakeFiles/Control-de-Acceso-V2.dir/Drivers/STM32L4xx_HAL_Driver/Src/stm32l4xx_hal_cortex.c.obj
                0x08003f4e                HAL_SYSTICK_Config
 *fill*         0x08003f66        0x2 
 .text.SystemInit
                0x08003f68       0x24 CMakeFiles/Control-de-Acceso-V2.dir/Core/Src/system_stm32l4xx.c.obj
                0x08003f68                SystemInit
 .text.Reset_Handler
                0x08003f8c       0x50 CMakeFiles/Control-de-Acceso-V2.dir/startup_stm32l476xx.s.obj
                0x08003f8c                Reset_Handler
 .text.Default_Handler
                0x08003fdc        0x2 CMakeFiles/Control-de-Acceso-V2.dir/startup_stm32l476xx.s.obj
                0x08003fdc                RTC_Alarm_IRQHandler
                0x08003fdc                EXTI2_IRQHandler
                0x08003fdc                TIM8_TRG_COM_IRQHandler
                0x08003fdc                TIM8_CC_IRQHandler
                0x08003fdc                TIM1_CC_IRQHandler
                0x08003fdc                TSC_IRQHandler
                0x08003fdc                TAMP_STAMP_IRQHandler
                0x08003fdc                EXTI3_IRQHandler
                0x08003fdc                LPTIM2_IRQHandler
                0x08003fdc                DFSDM1_FLT1_IRQHandler
                0x08003fdc                I2C3_ER_IRQHandler
                0x08003fdc                DFSDM1_FLT2_IRQHandler
                0x08003fdc                EXTI0_IRQHandler
                0x08003fdc                I2C2_EV_IRQHandler
                0x08003fdc                CAN1_RX0_IRQHandler
                0x08003fdc                FPU_IRQHandler
                0x08003fdc                TIM1_UP_TIM16_IRQHandler
                0x08003fdc                ADC1_2_IRQHandler
                0x08003fdc                SPI1_IRQHandler
                0x08003fdc                TIM6_DAC_IRQHandler
                0x08003fdc                TIM8_UP_IRQHandler
                0x08003fdc                DMA2_Channel2_IRQHandler
                0x08003fdc                DMA1_Channel4_IRQHandler
                0x08003fdc                SAI2_IRQHandler
                0x08003fdc                DFSDM1_FLT3_IRQHandler
                0x08003fdc                USART3_IRQHandler
                0x08003fdc                DMA1_Channel7_IRQHandler
                0x08003fdc                CAN1_RX1_IRQHandler
                0x08003fdc                LCD_IRQHandler
                0x08003fdc                UART5_IRQHandler
                0x08003fdc                ADC3_IRQHandler
                0x08003fdc                TIM4_IRQHandler
                0x08003fdc                DMA2_Channel1_IRQHandler
                0x08003fdc                QUADSPI_IRQHandler
                0x08003fdc                I2C1_EV_IRQHandler
                0x08003fdc                DMA1_Channel6_IRQHandler
                0x08003fdc                UART4_IRQHandler
                0x08003fdc                DMA2_Channel4_IRQHandler
                0x08003fdc                TIM3_IRQHandler
                0x08003fdc                RCC_IRQHandler
                0x08003fdc                DMA1_Channel1_IRQHandler
                0x08003fdc                Default_Handler
                0x08003fdc                DMA2_Channel7_IRQHandler
                0x08003fdc                TIM7_IRQHandler
                0x08003fdc                SDMMC1_IRQHandler
                0x08003fdc                TIM5_IRQHandler
                0x08003fdc                I2C3_EV_IRQHandler
                0x08003fdc                EXTI9_5_IRQHandler
                0x08003fdc                RTC_WKUP_IRQHandler
                0x08003fdc                PVD_PVM_IRQHandler
                0x08003fdc                SPI2_IRQHandler
                0x08003fdc                CAN1_TX_IRQHandler
                0x08003fdc                DMA2_Channel5_IRQHandler
                0x08003fdc                DMA1_Channel5_IRQHandler
                0x08003fdc                EXTI4_IRQHandler
                0x08003fdc                RNG_IRQHandler
                0x08003fdc                TIM1_TRG_COM_TIM17_IRQHandler
                0x08003fdc                DMA1_Channel3_IRQHandler
                0x08003fdc                COMP_IRQHandler
                0x08003fdc                WWDG_IRQHandler
                0x08003fdc                LPUART1_IRQHandler
                0x08003fdc                DMA2_Channel6_IRQHandler
                0x08003fdc                TIM2_IRQHandler
                0x08003fdc                EXTI1_IRQHandler
                0x08003fdc                DFSDM1_FLT0_IRQHandler
                0x08003fdc                I2C2_ER_IRQHandler
                0x08003fdc                DMA1_Channel2_IRQHandler
                0x08003fdc                TIM8_BRK_IRQHandler
                0x08003fdc                CAN1_SCE_IRQHandler
                0x08003fdc                FLASH_IRQHandler
                0x08003fdc                USART1_IRQHandler
                0x08003fdc                OTG_FS_IRQHandler
                0x08003fdc                SPI3_IRQHandler
                0x08003fdc                I2C1_ER_IRQHandler
                0x08003fdc                FMC_IRQHandler
                0x08003fdc                SWPMI1_IRQHandler
                0x08003fdc                LPTIM1_IRQHandler
                0x08003fdc                SAI1_IRQHandler
                0x08003fdc                DMA2_Channel3_IRQHandler
                0x08003fdc                TIM1_BRK_TIM15_IRQHandler
 *(.glue_7)
 .glue_7        0x08003fde        0x0 linker stubs
 *(.glue_7t)
 .glue_7t       0x08003fde        0x0 linker stubs
 *(.eh_frame)
 *fill*         0x08003fde        0x2 
 .eh_frame      0x08003fe0        0x0 C:/ST/STM32CubeCLT_1.16.0/GNU-tools-for-STM32/bin/../lib/gcc/arm-none-eabi/12.3.1/thumb/v7e-m+fp/hard/crtbegin.o
 *(.init)
 .init          0x08003fe0        0x4 C:/ST/STM32CubeCLT_1.16.0/GNU-tools-for-STM32/bin/../lib/gcc/arm-none-eabi/12.3.1/thumb/v7e-m+fp/hard/crti.o
                0x08003fe0                _init
 .init          0x08003fe4        0x8 C:/ST/STM32CubeCLT_1.16.0/GNU-tools-for-STM32/bin/../lib/gcc/arm-none-eabi/12.3.1/thumb/v7e-m+fp/hard/crtn.o
 *(.fini)
 .fini          0x08003fec        0x4 C:/ST/STM32CubeCLT_1.16.0/GNU-tools-for-STM32/bin/../lib/gcc/arm-none-eabi/12.3.1/thumb/v7e-m+fp/hard/crti.o
                0x08003fec                _fini
 .fini          0x08003ff0        0x8 C:/ST/STM32CubeCLT_1.16.0/GNU-tools-for-STM32/bin/../lib/gcc/arm-none-eabi/12.3.1/thumb/v7e-m+fp/hard/crtn.o
                0x08003ff8                        . = ALIGN (0x8)
                0x08003ff8                        _etext = .

.vfp11_veneer   0x08003ff8        0x0
 .vfp11_veneer  0x08003ff8        0x0 linker stubs

.v4_bx          0x08003ff8        0x0
 .v4_bx         0x08003ff8        0x0 linker stubs

.iplt           0x08003ff8        0x0
 .iplt          0x08003ff8        0x0 C:/ST/STM32CubeCLT_1.16.0/GNU-tools-for-STM32/bin/../lib/gcc/arm-none-eabi/12.3.1/thumb/v7e-m+fp/hard/crtbegin.o

.rodata         0x08003ff8       0x60
                0x08003ff8                        . = ALIGN (0x8)
 *(.rodata)
 .rodata        0x08003ff8       0x18 CMakeFiles/Control-de-Acceso-V2.dir/Core/Src/main.c.obj
 *(.rodata*)
 .rodata.AHBPrescTable
                0x08004010       0x10 CMakeFiles/Control-de-Acceso-V2.dir/Core/Src/system_stm32l4xx.c.obj
                0x08004010                AHBPrescTable
 .rodata.APBPrescTable
                0x08004020        0x8 CMakeFiles/Control-de-Acceso-V2.dir/Core/Src/system_stm32l4xx.c.obj
                0x08004020                APBPrescTable
 .rodata.MSIRangeTable
                0x08004028       0x30 CMakeFiles/Control-de-Acceso-V2.dir/Core/Src/system_stm32l4xx.c.obj
                0x08004028                MSIRangeTable
                0x08004058                        . = ALIGN (0x8)

.ARM.extab      0x08004058        0x0
                0x08004058                        . = ALIGN (0x8)
 *(.ARM.extab* .gnu.linkonce.armextab.*)
                0x08004058                        . = ALIGN (0x8)

.ARM            0x08004058        0x8
                0x08004058                        . = ALIGN (0x8)
                0x08004058                        __exidx_start = .
 *(.ARM.exidx*)
 .ARM.exidx     0x08004058        0x8 C:/ST/STM32CubeCLT_1.16.0/GNU-tools-for-STM32/bin/../lib/gcc/arm-none-eabi/12.3.1/thumb/v7e-m+fp/hard\libgcc.a(_udivmoddi4.o)
                0x08004060                        __exidx_end = .
                0x08004060                        . = ALIGN (0x8)

.rel.dyn        0x08004060        0x0
 .rel.iplt      0x08004060        0x0 C:/ST/STM32CubeCLT_1.16.0/GNU-tools-for-STM32/bin/../lib/gcc/arm-none-eabi/12.3.1/thumb/v7e-m+fp/hard/crtbegin.o

.preinit_array  0x08004060        0x0
                0x08004060                        . = ALIGN (0x8)
                0x08004060                        PROVIDE (__preinit_array_start = .)
 *(.preinit_array*)
                0x08004060                        PROVIDE (__preinit_array_end = .)
                0x08004060                        . = ALIGN (0x8)

.init_array     0x08004060        0x8
                0x08004060                        . = ALIGN (0x8)
                0x08004060                        PROVIDE (__init_array_start = .)
 *(SORT_BY_NAME(.init_array.*))
 *(.init_array*)
 .init_array    0x08004060        0x4 C:/ST/STM32CubeCLT_1.16.0/GNU-tools-for-STM32/bin/../lib/gcc/arm-none-eabi/12.3.1/thumb/v7e-m+fp/hard/crtbegin.o
                0x08004064                        PROVIDE (__init_array_end = .)
                0x08004068                        . = ALIGN (0x8)
 *fill*         0x08004064        0x4 

.fini_array     0x08004068        0x8
                0x08004068                        . = ALIGN (0x8)
                [!provide]                        PROVIDE (__fini_array_start = .)
 *(SORT_BY_NAME(.fini_array.*))
 *(.fini_array*)
 .fini_array    0x08004068        0x4 C:/ST/STM32CubeCLT_1.16.0/GNU-tools-for-STM32/bin/../lib/gcc/arm-none-eabi/12.3.1/thumb/v7e-m+fp/hard/crtbegin.o
                [!provide]                        PROVIDE (__fini_array_end = .)
                0x08004070                        . = ALIGN (0x8)
 *fill*         0x0800406c        0x4 
                0x08004070                        _sidata = LOADADDR (.data)

.data           0x20000000       0x10 load address 0x08004070
                0x20000000                        . = ALIGN (0x8)
                0x20000000                        _sdata = .
 *(.data)
 *(.data*)
 .data.uwTickPrio
                0x20000000        0x4 CMakeFiles/Control-de-Acceso-V2.dir/Drivers/STM32L4xx_HAL_Driver/Src/stm32l4xx_hal.c.obj
                0x20000000                uwTickPrio
 .data.uwTickFreq
                0x20000004        0x1 CMakeFiles/Control-de-Acceso-V2.dir/Drivers/STM32L4xx_HAL_Driver/Src/stm32l4xx_hal.c.obj
                0x20000004                uwTickFreq
 *fill*         0x20000005        0x3 
 .data.SystemCoreClock
                0x20000008        0x4 CMakeFiles/Control-de-Acceso-V2.dir/Core/Src/system_stm32l4xx.c.obj
                0x20000008                SystemCoreClock
                0x20000010                        . = ALIGN (0x8)
 *fill*         0x2000000c        0x4 
                0x20000010                        _edata = .

.igot.plt       0x20000010        0x0 load address 0x08004080
 .igot.plt      0x20000010        0x0 C:/ST/STM32CubeCLT_1.16.0/GNU-tools-for-STM32/bin/../lib/gcc/arm-none-eabi/12.3.1/thumb/v7e-m+fp/hard/crtbegin.o
                0x20000010                        . = ALIGN (0x4)

.bss            0x20000010       0xac load address 0x08004080
                0x20000010                        _sbss = .
                0x20000010                        __bss_start__ = _sbss
 *(.bss)
 .bss           0x20000010       0x1c C:/ST/STM32CubeCLT_1.16.0/GNU-tools-for-STM32/bin/../lib/gcc/arm-none-eabi/12.3.1/thumb/v7e-m+fp/hard/crtbegin.o
 *(.bss*)
 .bss.huart2    0x2000002c       0x88 CMakeFiles/Control-de-Acceso-V2.dir/Core/Src/main.c.obj
                0x2000002c                huart2
 .bss.rx_byte   0x200000b4        0x1 CMakeFiles/Control-de-Acceso-V2.dir/Core/Src/main.c.obj
                0x200000b4                rx_byte
 .bss.b1_byte   0x200000b5        0x1 CMakeFiles/Control-de-Acceso-V2.dir/Core/Src/main.c.obj
                0x200000b5                b1_byte
 *fill*         0x200000b6        0x2 
 .bss.uwTick    0x200000b8        0x4 CMakeFiles/Control-de-Acceso-V2.dir/Drivers/STM32L4xx_HAL_Driver/Src/stm32l4xx_hal.c.obj
                0x200000b8                uwTick
 *(COMMON)
                0x200000bc                        . = ALIGN (0x4)
                0x200000bc                        _ebss = .
                0x200000bc                        __bss_end__ = _ebss

._user_heap_stack
                0x200000bc      0x604 load address 0x08004080
                0x200000c0                        . = ALIGN (0x8)
 *fill*         0x200000bc        0x4 
                [!provide]                        PROVIDE (end = .)
                0x200000c0                        PROVIDE (_end = .)
                0x200002c0                        . = (. + _Min_Heap_Size)
 *fill*         0x200000c0      0x200 
                0x200006c0                        . = (. + _Min_Stack_Size)
 *fill*         0x200002c0      0x400 
                0x200006c0                        . = ALIGN (0x8)

/DISCARD/
 libc.a(*)
 libm.a(*)
 libgcc.a(*)
OUTPUT(Control-de-Acceso-V2.elf elf32-littlearm)
LOAD linker stubs
LOAD C:/ST/STM32CubeCLT_1.16.0/GNU-tools-for-STM32/bin/../lib/gcc/arm-none-eabi/12.3.1/../../../../arm-none-eabi/lib/thumb/v7e-m+fp/hard\libc.a
LOAD C:/ST/STM32CubeCLT_1.16.0/GNU-tools-for-STM32/bin/../lib/gcc/arm-none-eabi/12.3.1/../../../../arm-none-eabi/lib/thumb/v7e-m+fp/hard\libm.a
LOAD C:/ST/STM32CubeCLT_1.16.0/GNU-tools-for-STM32/bin/../lib/gcc/arm-none-eabi/12.3.1/thumb/v7e-m+fp/hard\libgcc.a

.ARM.attributes
                0x00000000       0x30
 .ARM.attributes
                0x00000000       0x22 C:/ST/STM32CubeCLT_1.16.0/GNU-tools-for-STM32/bin/../lib/gcc/arm-none-eabi/12.3.1/thumb/v7e-m+fp/hard/crti.o
 .ARM.attributes
                0x00000022       0x34 C:/ST/STM32CubeCLT_1.16.0/GNU-tools-for-STM32/bin/../lib/gcc/arm-none-eabi/12.3.1/thumb/v7e-m+fp/hard/crtbegin.o
 .ARM.attributes
                0x00000056       0x34 C:/ST/STM32CubeCLT_1.16.0/GNU-tools-for-STM32/bin/../lib/gcc/arm-none-eabi/12.3.1/../../../../arm-none-eabi/lib/thumb/v7e-m+fp/hard\libc_nano.a(libc_a-memset.o)
 .ARM.attributes
                0x0000008a       0x34 C:/ST/STM32CubeCLT_1.16.0/GNU-tools-for-STM32/bin/../lib/gcc/arm-none-eabi/12.3.1/../../../../arm-none-eabi/lib/thumb/v7e-m+fp/hard\libc_nano.a(libc_a-init.o)
 .ARM.attributes
                0x000000be       0x34 CMakeFiles/Control-de-Acceso-V2.dir/Core/Src/main.c.obj
 .ARM.attributes
                0x000000f2       0x34 CMakeFiles/Control-de-Acceso-V2.dir/Core/Src/stm32l4xx_it.c.obj
 .ARM.attributes
                0x00000126       0x34 CMakeFiles/Control-de-Acceso-V2.dir/Core/Src/stm32l4xx_hal_msp.c.obj
 .ARM.attributes
                0x0000015a       0x34 CMakeFiles/Control-de-Acceso-V2.dir/Drivers/STM32L4xx_HAL_Driver/Src/stm32l4xx_hal_uart.c.obj
 .ARM.attributes
                0x0000018e       0x34 CMakeFiles/Control-de-Acceso-V2.dir/Drivers/STM32L4xx_HAL_Driver/Src/stm32l4xx_hal_uart_ex.c.obj
 .ARM.attributes
                0x000001c2       0x34 CMakeFiles/Control-de-Acceso-V2.dir/Drivers/STM32L4xx_HAL_Driver/Src/stm32l4xx_hal.c.obj
 .ARM.attributes
                0x000001f6       0x34 CMakeFiles/Control-de-Acceso-V2.dir/Drivers/STM32L4xx_HAL_Driver/Src/stm32l4xx_hal_rcc.c.obj
 .ARM.attributes
                0x0000022a       0x34 CMakeFiles/Control-de-Acceso-V2.dir/Drivers/STM32L4xx_HAL_Driver/Src/stm32l4xx_hal_rcc_ex.c.obj
 .ARM.attributes
                0x0000025e       0x34 CMakeFiles/Control-de-Acceso-V2.dir/Drivers/STM32L4xx_HAL_Driver/Src/stm32l4xx_hal_gpio.c.obj
 .ARM.attributes
                0x00000292       0x34 CMakeFiles/Control-de-Acceso-V2.dir/Drivers/STM32L4xx_HAL_Driver/Src/stm32l4xx_hal_dma.c.obj
 .ARM.attributes
                0x000002c6       0x34 CMakeFiles/Control-de-Acceso-V2.dir/Drivers/STM32L4xx_HAL_Driver/Src/stm32l4xx_hal_pwr_ex.c.obj
 .ARM.attributes
                0x000002fa       0x34 CMakeFiles/Control-de-Acceso-V2.dir/Drivers/STM32L4xx_HAL_Driver/Src/stm32l4xx_hal_cortex.c.obj
 .ARM.attributes
                0x0000032e       0x34 CMakeFiles/Control-de-Acceso-V2.dir/Core/Src/system_stm32l4xx.c.obj
 .ARM.attributes
                0x00000362       0x21 CMakeFiles/Control-de-Acceso-V2.dir/startup_stm32l476xx.s.obj
 .ARM.attributes
                0x00000383       0x22 C:/ST/STM32CubeCLT_1.16.0/GNU-tools-for-STM32/bin/../lib/gcc/arm-none-eabi/12.3.1/thumb/v7e-m+fp/hard\libgcc.a(_aeabi_uldivmod.o)
 .ARM.attributes
                0x000003a5       0x34 C:/ST/STM32CubeCLT_1.16.0/GNU-tools-for-STM32/bin/../lib/gcc/arm-none-eabi/12.3.1/thumb/v7e-m+fp/hard\libgcc.a(_udivmoddi4.o)
 .ARM.attributes
                0x000003d9       0x22 C:/ST/STM32CubeCLT_1.16.0/GNU-tools-for-STM32/bin/../lib/gcc/arm-none-eabi/12.3.1/thumb/v7e-m+fp/hard\libgcc.a(_dvmd_tls.o)
 .ARM.attributes
                0x000003fb       0x22 C:/ST/STM32CubeCLT_1.16.0/GNU-tools-for-STM32/bin/../lib/gcc/arm-none-eabi/12.3.1/thumb/v7e-m+fp/hard/crtn.o

.comment        0x00000000       0x43
 .comment       0x00000000       0x43 CMakeFiles/Control-de-Acceso-V2.dir/Core/Src/main.c.obj
                                 0x44 (size before relaxing)
 .comment       0x00000043       0x44 CMakeFiles/Control-de-Acceso-V2.dir/Core/Src/stm32l4xx_it.c.obj
 .comment       0x00000043       0x44 CMakeFiles/Control-de-Acceso-V2.dir/Core/Src/stm32l4xx_hal_msp.c.obj
 .comment       0x00000043       0x44 CMakeFiles/Control-de-Acceso-V2.dir/Drivers/STM32L4xx_HAL_Driver/Src/stm32l4xx_hal_uart.c.obj
 .comment       0x00000043       0x44 CMakeFiles/Control-de-Acceso-V2.dir/Drivers/STM32L4xx_HAL_Driver/Src/stm32l4xx_hal_uart_ex.c.obj
 .comment       0x00000043       0x44 CMakeFiles/Control-de-Acceso-V2.dir/Drivers/STM32L4xx_HAL_Driver/Src/stm32l4xx_hal.c.obj
 .comment       0x00000043       0x44 CMakeFiles/Control-de-Acceso-V2.dir/Drivers/STM32L4xx_HAL_Driver/Src/stm32l4xx_hal_rcc.c.obj
 .comment       0x00000043       0x44 CMakeFiles/Control-de-Acceso-V2.dir/Drivers/STM32L4xx_HAL_Driver/Src/stm32l4xx_hal_rcc_ex.c.obj
 .comment       0x00000043       0x44 CMakeFiles/Control-de-Acceso-V2.dir/Drivers/STM32L4xx_HAL_Driver/Src/stm32l4xx_hal_gpio.c.obj
 .comment       0x00000043       0x44 CMakeFiles/Control-de-Acceso-V2.dir/Drivers/STM32L4xx_HAL_Driver/Src/stm32l4xx_hal_dma.c.obj
 .comment       0x00000043       0x44 CMakeFiles/Control-de-Acceso-V2.dir/Drivers/STM32L4xx_HAL_Driver/Src/stm32l4xx_hal_pwr_ex.c.obj
 .comment       0x00000043       0x44 CMakeFiles/Control-de-Acceso-V2.dir/Drivers/STM32L4xx_HAL_Driver/Src/stm32l4xx_hal_cortex.c.obj
 .comment       0x00000043       0x44 CMakeFiles/Control-de-Acceso-V2.dir/Core/Src/system_stm32l4xx.c.obj

.debug_frame    0x00000000     0x2734
 .debug_frame   0x00000000       0x20 C:/ST/STM32CubeCLT_1.16.0/GNU-tools-for-STM32/bin/../lib/gcc/arm-none-eabi/12.3.1/../../../../arm-none-eabi/lib/thumb/v7e-m+fp/hard\libc_nano.a(libc_a-memset.o)
 .debug_frame   0x00000020       0x2c C:/ST/STM32CubeCLT_1.16.0/GNU-tools-for-STM32/bin/../lib/gcc/arm-none-eabi/12.3.1/../../../../arm-none-eabi/lib/thumb/v7e-m+fp/hard\libc_nano.a(libc_a-init.o)
 .debug_frame   0x0000004c      0x10c CMakeFiles/Control-de-Acceso-V2.dir/Core/Src/main.c.obj
 .debug_frame   0x00000158      0x13c CMakeFiles/Control-de-Acceso-V2.dir/Core/Src/stm32l4xx_it.c.obj
 .debug_frame   0x00000294       0x84 CMakeFiles/Control-de-Acceso-V2.dir/Core/Src/stm32l4xx_hal_msp.c.obj
 .debug_frame   0x00000318      0x9f4 CMakeFiles/Control-de-Acceso-V2.dir/Drivers/STM32L4xx_HAL_Driver/Src/stm32l4xx_hal_uart.c.obj
 .debug_frame   0x00000d0c      0x204 CMakeFiles/Control-de-Acceso-V2.dir/Drivers/STM32L4xx_HAL_Driver/Src/stm32l4xx_hal_uart_ex.c.obj
 .debug_frame   0x00000f10      0x498 CMakeFiles/Control-de-Acceso-V2.dir/Drivers/STM32L4xx_HAL_Driver/Src/stm32l4xx_hal.c.obj
 .debug_frame   0x000013a8      0x21c CMakeFiles/Control-de-Acceso-V2.dir/Drivers/STM32L4xx_HAL_Driver/Src/stm32l4xx_hal_rcc.c.obj
 .debug_frame   0x000015c4      0x2fc CMakeFiles/Control-de-Acceso-V2.dir/Drivers/STM32L4xx_HAL_Driver/Src/stm32l4xx_hal_rcc_ex.c.obj
 .debug_frame   0x000018c0      0x14c CMakeFiles/Control-de-Acceso-V2.dir/Drivers/STM32L4xx_HAL_Driver/Src/stm32l4xx_hal_gpio.c.obj
 .debug_frame   0x00001a0c      0x204 CMakeFiles/Control-de-Acceso-V2.dir/Drivers/STM32L4xx_HAL_Driver/Src/stm32l4xx_hal_dma.c.obj
 .debug_frame   0x00001c10      0x584 CMakeFiles/Control-de-Acceso-V2.dir/Drivers/STM32L4xx_HAL_Driver/Src/stm32l4xx_hal_pwr_ex.c.obj
 .debug_frame   0x00002194      0x4e8 CMakeFiles/Control-de-Acceso-V2.dir/Drivers/STM32L4xx_HAL_Driver/Src/stm32l4xx_hal_cortex.c.obj
 .debug_frame   0x0000267c       0x58 CMakeFiles/Control-de-Acceso-V2.dir/Core/Src/system_stm32l4xx.c.obj
 .debug_frame   0x000026d4       0x2c C:/ST/STM32CubeCLT_1.16.0/GNU-tools-for-STM32/bin/../lib/gcc/arm-none-eabi/12.3.1/thumb/v7e-m+fp/hard\libgcc.a(_aeabi_uldivmod.o)
 .debug_frame   0x00002700       0x34 C:/ST/STM32CubeCLT_1.16.0/GNU-tools-for-STM32/bin/../lib/gcc/arm-none-eabi/12.3.1/thumb/v7e-m+fp/hard\libgcc.a(_udivmoddi4.o)

.debug_info     0x00000000     0xc277
 .debug_info    0x00000000     0x10a6 CMakeFiles/Control-de-Acceso-V2.dir/Core/Src/main.c.obj
 .debug_info    0x000010a6      0x750 CMakeFiles/Control-de-Acceso-V2.dir/Core/Src/stm32l4xx_it.c.obj
 .debug_info    0x000017f6      0xfa0 CMakeFiles/Control-de-Acceso-V2.dir/Core/Src/stm32l4xx_hal_msp.c.obj
 .debug_info    0x00002796     0x3b69 CMakeFiles/Control-de-Acceso-V2.dir/Drivers/STM32L4xx_HAL_Driver/Src/stm32l4xx_hal_uart.c.obj
 .debug_info    0x000062ff      0xdff CMakeFiles/Control-de-Acceso-V2.dir/Drivers/STM32L4xx_HAL_Driver/Src/stm32l4xx_hal_uart_ex.c.obj
 .debug_info    0x000070fe      0xc09 CMakeFiles/Control-de-Acceso-V2.dir/Drivers/STM32L4xx_HAL_Driver/Src/stm32l4xx_hal.c.obj
 .debug_info    0x00007d07      0xc14 CMakeFiles/Control-de-Acceso-V2.dir/Drivers/STM32L4xx_HAL_Driver/Src/stm32l4xx_hal_rcc.c.obj
 .debug_info    0x0000891b      0xe11 CMakeFiles/Control-de-Acceso-V2.dir/Drivers/STM32L4xx_HAL_Driver/Src/stm32l4xx_hal_rcc_ex.c.obj
 .debug_info    0x0000972c      0x757 CMakeFiles/Control-de-Acceso-V2.dir/Drivers/STM32L4xx_HAL_Driver/Src/stm32l4xx_hal_gpio.c.obj
 .debug_info    0x00009e83      0x6f4 CMakeFiles/Control-de-Acceso-V2.dir/Drivers/STM32L4xx_HAL_Driver/Src/stm32l4xx_hal_dma.c.obj
 .debug_info    0x0000a577      0x99e CMakeFiles/Control-de-Acceso-V2.dir/Drivers/STM32L4xx_HAL_Driver/Src/stm32l4xx_hal_pwr_ex.c.obj
 .debug_info    0x0000af15      0xd81 CMakeFiles/Control-de-Acceso-V2.dir/Drivers/STM32L4xx_HAL_Driver/Src/stm32l4xx_hal_cortex.c.obj
 .debug_info    0x0000bc96      0x5b1 CMakeFiles/Control-de-Acceso-V2.dir/Core/Src/system_stm32l4xx.c.obj
 .debug_info    0x0000c247       0x30 CMakeFiles/Control-de-Acceso-V2.dir/startup_stm32l476xx.s.obj

.debug_abbrev   0x00000000     0x1d03
 .debug_abbrev  0x00000000      0x275 CMakeFiles/Control-de-Acceso-V2.dir/Core/Src/main.c.obj
 .debug_abbrev  0x00000275      0x172 CMakeFiles/Control-de-Acceso-V2.dir/Core/Src/stm32l4xx_it.c.obj
 .debug_abbrev  0x000003e7      0x1d8 CMakeFiles/Control-de-Acceso-V2.dir/Core/Src/stm32l4xx_hal_msp.c.obj
 .debug_abbrev  0x000005bf      0x2d0 CMakeFiles/Control-de-Acceso-V2.dir/Drivers/STM32L4xx_HAL_Driver/Src/stm32l4xx_hal_uart.c.obj
 .debug_abbrev  0x0000088f      0x2be CMakeFiles/Control-de-Acceso-V2.dir/Drivers/STM32L4xx_HAL_Driver/Src/stm32l4xx_hal_uart_ex.c.obj
 .debug_abbrev  0x00000b4d      0x243 CMakeFiles/Control-de-Acceso-V2.dir/Drivers/STM32L4xx_HAL_Driver/Src/stm32l4xx_hal.c.obj
 .debug_abbrev  0x00000d90      0x2cb CMakeFiles/Control-de-Acceso-V2.dir/Drivers/STM32L4xx_HAL_Driver/Src/stm32l4xx_hal_rcc.c.obj
 .debug_abbrev  0x0000105b      0x2a6 CMakeFiles/Control-de-Acceso-V2.dir/Drivers/STM32L4xx_HAL_Driver/Src/stm32l4xx_hal_rcc_ex.c.obj
 .debug_abbrev  0x00001301      0x1cb CMakeFiles/Control-de-Acceso-V2.dir/Drivers/STM32L4xx_HAL_Driver/Src/stm32l4xx_hal_gpio.c.obj
 .debug_abbrev  0x000014cc      0x1e4 CMakeFiles/Control-de-Acceso-V2.dir/Drivers/STM32L4xx_HAL_Driver/Src/stm32l4xx_hal_dma.c.obj
 .debug_abbrev  0x000016b0      0x1f9 CMakeFiles/Control-de-Acceso-V2.dir/Drivers/STM32L4xx_HAL_Driver/Src/stm32l4xx_hal_pwr_ex.c.obj
 .debug_abbrev  0x000018a9      0x31c CMakeFiles/Control-de-Acceso-V2.dir/Drivers/STM32L4xx_HAL_Driver/Src/stm32l4xx_hal_cortex.c.obj
 .debug_abbrev  0x00001bc5      0x11a CMakeFiles/Control-de-Acceso-V2.dir/Core/Src/system_stm32l4xx.c.obj
 .debug_abbrev  0x00001cdf       0x24 CMakeFiles/Control-de-Acceso-V2.dir/startup_stm32l476xx.s.obj

.debug_aranges  0x00000000      0x9d0
 .debug_aranges
                0x00000000       0x58 CMakeFiles/Control-de-Acceso-V2.dir/Core/Src/main.c.obj
 .debug_aranges
                0x00000058       0x70 CMakeFiles/Control-de-Acceso-V2.dir/Core/Src/stm32l4xx_it.c.obj
 .debug_aranges
                0x000000c8       0x30 CMakeFiles/Control-de-Acceso-V2.dir/Core/Src/stm32l4xx_hal_msp.c.obj
 .debug_aranges
                0x000000f8      0x228 CMakeFiles/Control-de-Acceso-V2.dir/Drivers/STM32L4xx_HAL_Driver/Src/stm32l4xx_hal_uart.c.obj
 .debug_aranges
                0x00000320       0x80 CMakeFiles/Control-de-Acceso-V2.dir/Drivers/STM32L4xx_HAL_Driver/Src/stm32l4xx_hal_uart_ex.c.obj
 .debug_aranges
                0x000003a0      0x130 CMakeFiles/Control-de-Acceso-V2.dir/Drivers/STM32L4xx_HAL_Driver/Src/stm32l4xx_hal.c.obj
 .debug_aranges
                0x000004d0       0x90 CMakeFiles/Control-de-Acceso-V2.dir/Drivers/STM32L4xx_HAL_Driver/Src/stm32l4xx_hal_rcc.c.obj
 .debug_aranges
                0x00000560       0xc0 CMakeFiles/Control-de-Acceso-V2.dir/Drivers/STM32L4xx_HAL_Driver/Src/stm32l4xx_hal_rcc_ex.c.obj
 .debug_aranges
                0x00000620       0x58 CMakeFiles/Control-de-Acceso-V2.dir/Drivers/STM32L4xx_HAL_Driver/Src/stm32l4xx_hal_gpio.c.obj
 .debug_aranges
                0x00000678       0x80 CMakeFiles/Control-de-Acceso-V2.dir/Drivers/STM32L4xx_HAL_Driver/Src/stm32l4xx_hal_dma.c.obj
 .debug_aranges
                0x000006f8      0x160 CMakeFiles/Control-de-Acceso-V2.dir/Drivers/STM32L4xx_HAL_Driver/Src/stm32l4xx_hal_pwr_ex.c.obj
 .debug_aranges
                0x00000858      0x128 CMakeFiles/Control-de-Acceso-V2.dir/Drivers/STM32L4xx_HAL_Driver/Src/stm32l4xx_hal_cortex.c.obj
 .debug_aranges
                0x00000980       0x28 CMakeFiles/Control-de-Acceso-V2.dir/Core/Src/system_stm32l4xx.c.obj
 .debug_aranges
                0x000009a8       0x28 CMakeFiles/Control-de-Acceso-V2.dir/startup_stm32l476xx.s.obj

.debug_rnglists
                0x00000000      0x784
 .debug_rnglists
                0x00000000       0x40 CMakeFiles/Control-de-Acceso-V2.dir/Core/Src/main.c.obj
 .debug_rnglists
                0x00000040       0x4f CMakeFiles/Control-de-Acceso-V2.dir/Core/Src/stm32l4xx_it.c.obj
 .debug_rnglists
                0x0000008f       0x20 CMakeFiles/Control-de-Acceso-V2.dir/Core/Src/stm32l4xx_hal_msp.c.obj
 .debug_rnglists
                0x000000af      0x1db CMakeFiles/Control-de-Acceso-V2.dir/Drivers/STM32L4xx_HAL_Driver/Src/stm32l4xx_hal_uart.c.obj
 .debug_rnglists
                0x0000028a       0x60 CMakeFiles/Control-de-Acceso-V2.dir/Drivers/STM32L4xx_HAL_Driver/Src/stm32l4xx_hal_uart_ex.c.obj
 .debug_rnglists
                0x000002ea       0xdf CMakeFiles/Control-de-Acceso-V2.dir/Drivers/STM32L4xx_HAL_Driver/Src/stm32l4xx_hal.c.obj
 .debug_rnglists
                0x000003c9       0x6d CMakeFiles/Control-de-Acceso-V2.dir/Drivers/STM32L4xx_HAL_Driver/Src/stm32l4xx_hal_rcc.c.obj
 .debug_rnglists
                0x00000436       0x95 CMakeFiles/Control-de-Acceso-V2.dir/Drivers/STM32L4xx_HAL_Driver/Src/stm32l4xx_hal_rcc_ex.c.obj
 .debug_rnglists
                0x000004cb       0x3f CMakeFiles/Control-de-Acceso-V2.dir/Drivers/STM32L4xx_HAL_Driver/Src/stm32l4xx_hal_gpio.c.obj
 .debug_rnglists
                0x0000050a       0x64 CMakeFiles/Control-de-Acceso-V2.dir/Drivers/STM32L4xx_HAL_Driver/Src/stm32l4xx_hal_dma.c.obj
 .debug_rnglists
                0x0000056e      0x109 CMakeFiles/Control-de-Acceso-V2.dir/Drivers/STM32L4xx_HAL_Driver/Src/stm32l4xx_hal_pwr_ex.c.obj
 .debug_rnglists
                0x00000677       0xda CMakeFiles/Control-de-Acceso-V2.dir/Drivers/STM32L4xx_HAL_Driver/Src/stm32l4xx_hal_cortex.c.obj
 .debug_rnglists
                0x00000751       0x1a CMakeFiles/Control-de-Acceso-V2.dir/Core/Src/system_stm32l4xx.c.obj
 .debug_rnglists
                0x0000076b       0x19 CMakeFiles/Control-de-Acceso-V2.dir/startup_stm32l476xx.s.obj

.debug_macro    0x00000000    0x24fc1
 .debug_macro   0x00000000      0x1c5 CMakeFiles/Control-de-Acceso-V2.dir/Core/Src/main.c.obj
 .debug_macro   0x000001c5      0xab4 CMakeFiles/Control-de-Acceso-V2.dir/Core/Src/main.c.obj
 .debug_macro   0x00000c79      0x1a1 CMakeFiles/Control-de-Acceso-V2.dir/Core/Src/main.c.obj
 .debug_macro   0x00000e1a       0x2e CMakeFiles/Control-de-Acceso-V2.dir/Core/Src/main.c.obj
 .debug_macro   0x00000e48       0x28 CMakeFiles/Control-de-Acceso-V2.dir/Core/Src/main.c.obj
 .debug_macro   0x00000e70       0x22 CMakeFiles/Control-de-Acceso-V2.dir/Core/Src/main.c.obj
 .debug_macro   0x00000e92       0x8e CMakeFiles/Control-de-Acceso-V2.dir/Core/Src/main.c.obj
 .debug_macro   0x00000f20       0x51 CMakeFiles/Control-de-Acceso-V2.dir/Core/Src/main.c.obj
 .debug_macro   0x00000f71      0x103 CMakeFiles/Control-de-Acceso-V2.dir/Core/Src/main.c.obj
 .debug_macro   0x00001074       0x6a CMakeFiles/Control-de-Acceso-V2.dir/Core/Src/main.c.obj
 .debug_macro   0x000010de      0x1df CMakeFiles/Control-de-Acceso-V2.dir/Core/Src/main.c.obj
 .debug_macro   0x000012bd       0x1c CMakeFiles/Control-de-Acceso-V2.dir/Core/Src/main.c.obj
 .debug_macro   0x000012d9       0x22 CMakeFiles/Control-de-Acceso-V2.dir/Core/Src/main.c.obj
 .debug_macro   0x000012fb       0xfb CMakeFiles/Control-de-Acceso-V2.dir/Core/Src/main.c.obj
 .debug_macro   0x000013f6     0x1011 CMakeFiles/Control-de-Acceso-V2.dir/Core/Src/main.c.obj
 .debug_macro   0x00002407      0x11f CMakeFiles/Control-de-Acceso-V2.dir/Core/Src/main.c.obj
 .debug_macro   0x00002526    0x1a17a CMakeFiles/Control-de-Acceso-V2.dir/Core/Src/main.c.obj
 .debug_macro   0x0001c6a0       0x6d CMakeFiles/Control-de-Acceso-V2.dir/Core/Src/main.c.obj
 .debug_macro   0x0001c70d     0x38fb CMakeFiles/Control-de-Acceso-V2.dir/Core/Src/main.c.obj
 .debug_macro   0x00020008      0x189 CMakeFiles/Control-de-Acceso-V2.dir/Core/Src/main.c.obj
 .debug_macro   0x00020191       0x5c CMakeFiles/Control-de-Acceso-V2.dir/Core/Src/main.c.obj
 .debug_macro   0x000201ed     0x159e CMakeFiles/Control-de-Acceso-V2.dir/Core/Src/main.c.obj
 .debug_macro   0x0002178b      0x5a5 CMakeFiles/Control-de-Acceso-V2.dir/Core/Src/main.c.obj
 .debug_macro   0x00021d30      0x1b9 CMakeFiles/Control-de-Acceso-V2.dir/Core/Src/main.c.obj
 .debug_macro   0x00021ee9      0x18b CMakeFiles/Control-de-Acceso-V2.dir/Core/Src/main.c.obj
 .debug_macro   0x00022074      0x26b CMakeFiles/Control-de-Acceso-V2.dir/Core/Src/main.c.obj
 .debug_macro   0x000222df      0x23d CMakeFiles/Control-de-Acceso-V2.dir/Core/Src/main.c.obj
 .debug_macro   0x0002251c      0x241 CMakeFiles/Control-de-Acceso-V2.dir/Core/Src/main.c.obj
 .debug_macro   0x0002275d      0x37c CMakeFiles/Control-de-Acceso-V2.dir/Core/Src/main.c.obj
 .debug_macro   0x00022ad9       0xd6 CMakeFiles/Control-de-Acceso-V2.dir/Core/Src/main.c.obj
 .debug_macro   0x00022baf      0x122 CMakeFiles/Control-de-Acceso-V2.dir/Core/Src/main.c.obj
 .debug_macro   0x00022cd1      0x3ef CMakeFiles/Control-de-Acceso-V2.dir/Core/Src/main.c.obj
 .debug_macro   0x000230c0      0x5cf CMakeFiles/Control-de-Acceso-V2.dir/Core/Src/main.c.obj
 .debug_macro   0x0002368f       0x44 CMakeFiles/Control-de-Acceso-V2.dir/Core/Src/main.c.obj
 .debug_macro   0x000236d3      0x330 CMakeFiles/Control-de-Acceso-V2.dir/Core/Src/main.c.obj
 .debug_macro   0x00023a03       0x6a CMakeFiles/Control-de-Acceso-V2.dir/Core/Src/main.c.obj
 .debug_macro   0x00023a6d      0x1c5 CMakeFiles/Control-de-Acceso-V2.dir/Core/Src/stm32l4xx_it.c.obj
 .debug_macro   0x00023c32      0x1bb CMakeFiles/Control-de-Acceso-V2.dir/Core/Src/stm32l4xx_hal_msp.c.obj
 .debug_macro   0x00023ded      0x1d7 CMakeFiles/Control-de-Acceso-V2.dir/Drivers/STM32L4xx_HAL_Driver/Src/stm32l4xx_hal_uart.c.obj
 .debug_macro   0x00023fc4      0x1ac CMakeFiles/Control-de-Acceso-V2.dir/Drivers/STM32L4xx_HAL_Driver/Src/stm32l4xx_hal_uart_ex.c.obj
 .debug_macro   0x00024170      0x1fa CMakeFiles/Control-de-Acceso-V2.dir/Drivers/STM32L4xx_HAL_Driver/Src/stm32l4xx_hal.c.obj
 .debug_macro   0x0002436a      0x1ee CMakeFiles/Control-de-Acceso-V2.dir/Drivers/STM32L4xx_HAL_Driver/Src/stm32l4xx_hal_rcc.c.obj
 .debug_macro   0x00024558      0x1e2 CMakeFiles/Control-de-Acceso-V2.dir/Drivers/STM32L4xx_HAL_Driver/Src/stm32l4xx_hal_rcc_ex.c.obj
 .debug_macro   0x0002473a      0x1b3 CMakeFiles/Control-de-Acceso-V2.dir/Drivers/STM32L4xx_HAL_Driver/Src/stm32l4xx_hal_gpio.c.obj
 .debug_macro   0x000248ed      0x1ac CMakeFiles/Control-de-Acceso-V2.dir/Drivers/STM32L4xx_HAL_Driver/Src/stm32l4xx_hal_dma.c.obj
 .debug_macro   0x00024a99      0x1d0 CMakeFiles/Control-de-Acceso-V2.dir/Drivers/STM32L4xx_HAL_Driver/Src/stm32l4xx_hal_pwr_ex.c.obj
 .debug_macro   0x00024c69      0x1ac CMakeFiles/Control-de-Acceso-V2.dir/Drivers/STM32L4xx_HAL_Driver/Src/stm32l4xx_hal_cortex.c.obj
 .debug_macro   0x00024e15      0x1ac CMakeFiles/Control-de-Acceso-V2.dir/Core/Src/system_stm32l4xx.c.obj

.debug_line     0x00000000     0xc370
 .debug_line    0x00000000      0x8d7 CMakeFiles/Control-de-Acceso-V2.dir/Core/Src/main.c.obj
 .debug_line    0x000008d7      0x843 CMakeFiles/Control-de-Acceso-V2.dir/Core/Src/stm32l4xx_it.c.obj
 .debug_line    0x0000111a      0x7b2 CMakeFiles/Control-de-Acceso-V2.dir/Core/Src/stm32l4xx_hal_msp.c.obj
 .debug_line    0x000018cc     0x3258 CMakeFiles/Control-de-Acceso-V2.dir/Drivers/STM32L4xx_HAL_Driver/Src/stm32l4xx_hal_uart.c.obj
 .debug_line    0x00004b24      0xc4c CMakeFiles/Control-de-Acceso-V2.dir/Drivers/STM32L4xx_HAL_Driver/Src/stm32l4xx_hal_uart_ex.c.obj
 .debug_line    0x00005770      0xb47 CMakeFiles/Control-de-Acceso-V2.dir/Drivers/STM32L4xx_HAL_Driver/Src/stm32l4xx_hal.c.obj
 .debug_line    0x000062b7      0xfbf CMakeFiles/Control-de-Acceso-V2.dir/Drivers/STM32L4xx_HAL_Driver/Src/stm32l4xx_hal_rcc.c.obj
 .debug_line    0x00007276     0x1531 CMakeFiles/Control-de-Acceso-V2.dir/Drivers/STM32L4xx_HAL_Driver/Src/stm32l4xx_hal_rcc_ex.c.obj
 .debug_line    0x000087a7      0xbd2 CMakeFiles/Control-de-Acceso-V2.dir/Drivers/STM32L4xx_HAL_Driver/Src/stm32l4xx_hal_gpio.c.obj
 .debug_line    0x00009379      0xd4b CMakeFiles/Control-de-Acceso-V2.dir/Drivers/STM32L4xx_HAL_Driver/Src/stm32l4xx_hal_dma.c.obj
 .debug_line    0x0000a0c4      0xd38 CMakeFiles/Control-de-Acceso-V2.dir/Drivers/STM32L4xx_HAL_Driver/Src/stm32l4xx_hal_pwr_ex.c.obj
 .debug_line    0x0000adfc      0xd0f CMakeFiles/Control-de-Acceso-V2.dir/Drivers/STM32L4xx_HAL_Driver/Src/stm32l4xx_hal_cortex.c.obj
 .debug_line    0x0000bb0b      0x7eb CMakeFiles/Control-de-Acceso-V2.dir/Core/Src/system_stm32l4xx.c.obj
 .debug_line    0x0000c2f6       0x7a CMakeFiles/Control-de-Acceso-V2.dir/startup_stm32l476xx.s.obj

.debug_str      0x00000000    0xe43ce
 .debug_str     0x00000000    0xe183c CMakeFiles/Control-de-Acceso-V2.dir/Core/Src/main.c.obj
                              0xe1be6 (size before relaxing)
 .debug_str     0x000e183c      0x156 CMakeFiles/Control-de-Acceso-V2.dir/Core/Src/stm32l4xx_it.c.obj
                              0xe12f6 (size before relaxing)
 .debug_str     0x000e1992      0x321 CMakeFiles/Control-de-Acceso-V2.dir/Core/Src/stm32l4xx_hal_msp.c.obj
                              0xe1bf6 (size before relaxing)
 .debug_str     0x000e1cb3      0x947 CMakeFiles/Control-de-Acceso-V2.dir/Drivers/STM32L4xx_HAL_Driver/Src/stm32l4xx_hal_uart.c.obj
                              0xe1b9e (size before relaxing)
 .debug_str     0x000e25fa      0x239 CMakeFiles/Control-de-Acceso-V2.dir/Drivers/STM32L4xx_HAL_Driver/Src/stm32l4xx_hal_uart_ex.c.obj
                              0xe13ca (size before relaxing)
 .debug_str     0x000e2833      0x6e4 CMakeFiles/Control-de-Acceso-V2.dir/Drivers/STM32L4xx_HAL_Driver/Src/stm32l4xx_hal.c.obj
                              0xe1a45 (size before relaxing)
 .debug_str     0x000e2f17      0x405 CMakeFiles/Control-de-Acceso-V2.dir/Drivers/STM32L4xx_HAL_Driver/Src/stm32l4xx_hal_rcc.c.obj
                              0xe148c (size before relaxing)
 .debug_str     0x000e331c      0x43f CMakeFiles/Control-de-Acceso-V2.dir/Drivers/STM32L4xx_HAL_Driver/Src/stm32l4xx_hal_rcc_ex.c.obj
                              0xe1605 (size before relaxing)
 .debug_str     0x000e375b       0xc9 CMakeFiles/Control-de-Acceso-V2.dir/Drivers/STM32L4xx_HAL_Driver/Src/stm32l4xx_hal_gpio.c.obj
                              0xe0fbf (size before relaxing)
 .debug_str     0x000e3824      0x24b CMakeFiles/Control-de-Acceso-V2.dir/Drivers/STM32L4xx_HAL_Driver/Src/stm32l4xx_hal_dma.c.obj
                              0xe10b0 (size before relaxing)
 .debug_str     0x000e3a6f      0x4ea CMakeFiles/Control-de-Acceso-V2.dir/Drivers/STM32L4xx_HAL_Driver/Src/stm32l4xx_hal_pwr_ex.c.obj
                              0xe13a1 (size before relaxing)
 .debug_str     0x000e3f59      0x38e CMakeFiles/Control-de-Acceso-V2.dir/Drivers/STM32L4xx_HAL_Driver/Src/stm32l4xx_hal_cortex.c.obj
                              0xe16bf (size before relaxing)
 .debug_str     0x000e42e7       0x79 CMakeFiles/Control-de-Acceso-V2.dir/Core/Src/system_stm32l4xx.c.obj
                              0xe0e46 (size before relaxing)
 .debug_str     0x000e4360       0x6e CMakeFiles/Control-de-Acceso-V2.dir/startup_stm32l476xx.s.obj
                                 0xb6 (size before relaxing)

.debug_line_str
                0x00000000       0x9a
 .debug_line_str
                0x00000000       0x9a CMakeFiles/Control-de-Acceso-V2.dir/startup_stm32l476xx.s.obj
